d:\repos\pragma\pragma\x64\debug\camera.obj
d:\repos\pragma\pragma\x64\debug\behavioursystem.obj
d:\repos\pragma\pragma\x64\debug\imgui_impl_win32.obj
d:\repos\pragma\pragma\x64\debug\imgui_impl_dx11.obj
d:\repos\pragma\pragma\x64\debug\imgui_widgets.obj
d:\repos\pragma\pragma\x64\debug\imgui_tables.obj
d:\repos\pragma\pragma\x64\debug\imgui_draw.obj
d:\repos\pragma\pragma\x64\debug\imgui.obj
d:\repos\pragma\pragma\x64\debug\debugui.obj
d:\repos\pragma\pragma\x64\debug\sceneserializer.obj
d:\repos\pragma\pragma\x64\debug\scenedocument.obj
d:\repos\pragma\pragma\x64\debug\physicssystem.obj
d:\repos\pragma\pragma\x64\debug\editorui.obj
d:\repos\pragma\pragma\x64\debug\demoscene.obj
d:\repos\pragma\pragma\x64\debug\application.obj
d:\repos\pragma\pragma\x64\debug\objloader.obj
d:\repos\pragma\pragma\x64\debug\assetmanager.obj
d:\repos\pragma\pragma\x64\debug\assetmanifest.obj
d:\repos\pragma\pragma\x64\debug\imageloader.obj
d:\repos\pragma\pragma\x64\debug\main.obj
d:\repos\pragma\pragma\x64\debug\rendersystem.obj
d:\repos\pragma\pragma\x64\debug\dx11swapchain.obj
d:\repos\pragma\pragma\x64\debug\dx11resources.obj
d:\repos\pragma\pragma\x64\debug\dx11device.obj
d:\repos\pragma\pragma\x64\debug\dx11commandlist.obj
d:\repos\pragma\pragma\x64\debug\factory.obj
d:\repos\pragma\pragma\x64\debug\window.obj
d:\repos\pragma\pragma\x64\debug\primitives.obj
d:\repos\pragma\pragma\x64\debug\nativescriptregistry.obj
d:\repos\pragma\pragma\x64\debug\entityhandle.obj
d:\repos\pragma\pragma\x64\debug\camerasystem.obj
d:\repos\pragma\pragma\x64\debug\vc143.pdb
d:\repos\pragma\pragma\x64\debug\vc143.idb
d:\repos\pragma\pragma\x64\debug\pragma.tlog\cl.command.1.tlog
d:\repos\pragma\pragma\x64\debug\pragma.tlog\cl.read.1.tlog
d:\repos\pragma\pragma\x64\debug\pragma.tlog\cl.write.1.tlog
